// Vitest Snapshot v1, https://vitest.dev/guide/snapshot.html

exports[`RichTextBlock — default (article) markup is frozen > renders the prose column with a heading 1`] = `"<section class="py-20 sm:py-32"><div class="mx-auto max-w-7xl px-4 sm:px-6 lg:px-8"><div class="mx-auto max-w-2xl lg:max-w-4xl"><h2 class="font-space-grotesk mb-6 text-4xl font-medium tracking-tighter text-brand-cloud-blue sm:text-5xl dark:text-blue-400">About the conference</h2><div class="font-inter text-lg text-brand-slate-gray dark:text-gray-300"><h2 class="mb-5 text-2xl leading-snug font-semibold">Why attend?</h2><p class="mb-4 leading-relaxed">Two days of vendor-neutral cloud native content from the people who run the platforms Norway depends on.</p></div></div></div></section>"`;

exports[`RichTextBlock — default (article) markup is frozen > renders without a heading 1`] = `"<section class="py-20 sm:py-32"><div class="mx-auto max-w-7xl px-4 sm:px-6 lg:px-8"><div class="mx-auto max-w-2xl lg:max-w-4xl"><div class="font-inter text-lg text-brand-slate-gray dark:text-gray-300"><h2 class="mb-5 text-2xl leading-snug font-semibold">Why attend?</h2><p class="mb-4 leading-relaxed">Two days of vendor-neutral cloud native content from the people who run the platforms Norway depends on.</p></div></div></div></section>"`;
