[459.7] support {"videoNative":{"avc1.42001f (baseline 3.1)":false,"avc1.420028 (baseline 4.0)":true,"avc1.4d0028 (main 4.0)":true,"avc1.640028 (high 4.0)":true,"avc1.640032 (high 5.0)":true},"audioNativeAac":true,"mbCanEncodeVideoAvc":true,"mbCanEncodeAudioAacBeforeAddon":true,"hasSchedulerYield":true}
[481.4] measured priming {"samples":2112,"ms":20}
[496.2] audio rendered {"sampleRate":48000,"length":480000,"ch":2}
[497.2] audio encoder config {"codec":"mp4a.40.2","numberOfChannels":2,"sampleRate":48000,"bitrate":128000,"aac":{"format":"aac"}}
[497.6] native isConfigSupported(actual audio config) true
[501.7] audio added {"ms":5.1}
[504.8] video encoder config {"codec":"avc1.640020","width":1080,"height":1080,"displayWidth":1080,"displayHeight":1080,"bitrate":8000000,"bitrateMode":"variable","alpha":"discard","framerate":30,"latencyMode":"realtime","avc":{"format":"avc"}}
[520.9] isConfigSupported(actual video config) true
[521.6] frame 0
[3582.0] frame 30
[3869.2] frame 60
[4153.1] frame 90
[4446.4] frame 120
[4736.3] frame 150
[5025.9] frame 180
[5327.6] frame 210
[5625.4] frame 240
[5909.1] frame 270
[6282.0] finalized {"finalizeMs":101.4}
[6282.4] result {"wallMs":5800.600000023842,"totalMsInclProbe":5945,"framesDone":300,"maxTaskGapMs":21.899999976158142,"heartbeats":1182,"rafPaints":833,"firstError":null,"supportedButFailed":false,"bytes":346415}
[6307.2] saved "chrome-rt-calib-1.mp4"
[6309.5] DONE
