[320.0] support {"videoNative":{"avc1.42001f (baseline 3.1)":false,"avc1.420028 (baseline 4.0)":true,"avc1.4d0028 (main 4.0)":true,"avc1.640028 (high 4.0)":true,"avc1.640032 (high 5.0)":true},"audioNativeAac":true,"mbCanEncodeVideoAvc":true,"mbCanEncodeAudioAacBeforeAddon":true,"hasSchedulerYield":true}
[452.5] audio rendered {"sampleRate":48000,"length":2880000,"ch":2}
[453.7] audio encoder config {"codec":"mp4a.40.2","numberOfChannels":2,"sampleRate":48000,"bitrate":128000,"aac":{"format":"aac"}}
[454.3] native isConfigSupported(actual audio config) true
[855.5] audio added {"ms":402.6}
[859.3] canvas VideoFrame colorSpace {"fullRange":true,"matrix":"rgb","primaries":"bt709","transfer":"iec61966-2-1"}
[860.2] video encoder config {"codec":"avc1.640020","width":1080,"height":1080,"displayWidth":1080,"displayHeight":1080,"bitrate":8000000,"bitrateMode":"variable","alpha":"discard","framerate":30,"avc":{"format":"avc"}}
[876.7] isConfigSupported(actual video config) true
[877.3] frame 0
[951.2] video decoderConfig from encoder {"codec":"avc1.640020","colorSpace":{"fullRange":false,"matrix":"bt709","primaries":"bt709","transfer":"iec61966-2-1"}}
[1096.5] frame 30
[1189.8] frame 60
[1285.2] frame 90
[1378.6] frame 120
[1473.7] frame 150
[1571.0] frame 180
[1664.2] frame 210
[1759.7] frame 240
[1860.4] frame 270
[1954.3] frame 300
[2050.6] frame 330
[2141.8] cancel clicked {"source":"click"}
[2143.4] canceled {"framesDone":359,"cancelToStoppedMs":1.6,"outputState":"canceled","scheduledToHandlerMs":null}
[2143.8] result {"wallMs":1822,"totalMsInclProbe":1992,"framesDone":359,"maxTaskGapMs":69,"heartbeats":377,"rafPaints":236,"firstError":null,"supportedButFailed":false,"bytes":0}
[2147.1] DONE
