[805.0] support {"videoNative":{"avc1.42001f (baseline 3.1)":true,"avc1.420028 (baseline 4.0)":true,"avc1.4d0028 (main 4.0)":true,"avc1.640028 (high 4.0)":true,"avc1.640032 (high 5.0)":true},"audioNativeAac":false,"mbCanEncodeVideoAvc":true,"mbCanEncodeAudioAacBeforeAddon":false,"hasSchedulerYield":true}
[805.0] registered AAC add-on {"ms":0}
[806.0] after add-on canEncodeAudio(aac) true
[820.0] audio rendered {"sampleRate":48000,"length":480000,"ch":2}
[821.0] audio encoder config {"codec":"mp4a.40.2","numberOfChannels":2,"sampleRate":48000,"bitrate":128000,"aac":{"format":"aac"}}
[821.0] native isConfigSupported(actual audio config) false
[1566.0] audio added {"ms":745}
[1581.0] video encoder config {"codec":"avc1.640020","width":1080,"height":1080,"displayWidth":1080,"displayHeight":1080,"bitrate":8000000,"bitrateMode":"variable","alpha":"discard","framerate":30,"avc":{"format":"avc"}}
[1581.0] isConfigSupported(actual video config) true
[1581.0] frame 0
[1801.0] frame 30
[1961.0] frame 60
[2113.0] frame 90
[2260.0] frame 120
[2404.0] frame 150
[2553.0] frame 180
[2701.0] frame 210
[2851.0] frame 240
[3008.0] frame 270
[3215.0] finalized {"finalizeMs":62}
[3215.0] result {"wallMs":2406,"totalMsInclProbe":2582,"framesDone":300,"maxTaskGapMs":29,"heartbeats":323,"rafPaints":179,"firstError":null,"supportedButFailed":false,"bytes":571166}
[3220.0] saved "firefox-auto-2.mp4"
[3221.0] DONE
