[861.0] support {"videoNative":{"avc1.42001f (baseline 3.1)":true,"avc1.420028 (baseline 4.0)":true,"avc1.4d0028 (main 4.0)":true,"avc1.640028 (high 4.0)":true,"avc1.640032 (high 5.0)":true},"audioNativeAac":false,"mbCanEncodeVideoAvc":true,"mbCanEncodeAudioAacBeforeAddon":false,"hasSchedulerYield":true}
[862.0] registered AAC add-on {"ms":0}
[862.0] after add-on canEncodeAudio(aac) true
[877.0] audio rendered {"sampleRate":48000,"length":480000,"ch":2}
[877.0] audio encoder config {"codec":"mp4a.40.2","numberOfChannels":2,"sampleRate":48000,"bitrate":128000,"aac":{"format":"aac"}}
[878.0] native isConfigSupported(actual audio config) false
[1664.0] audio added {"ms":787}
[1707.0] video encoder config {"codec":"avc1.640020","width":1080,"height":1080,"displayWidth":1080,"displayHeight":1080,"bitrate":8000000,"bitrateMode":"variable","alpha":"discard","framerate":30,"avc":{"format":"avc"}}
[1707.0] isConfigSupported(actual video config) true
[1707.0] frame 0
[1937.0] frame 30
[2093.0] frame 60
[2231.0] frame 90
[2378.0] frame 120
[2514.0] frame 150
[2660.0] frame 180
[2812.0] frame 210
[2962.0] frame 240
[3117.0] frame 270
[3327.0] finalized {"finalizeMs":62}
[3327.0] result {"wallMs":2461,"totalMsInclProbe":2735,"framesDone":300,"maxTaskGapMs":56,"heartbeats":329,"rafPaints":187,"firstError":null,"supportedButFailed":false,"bytes":571166}
[3330.0] saved "firefox-auto-1.mp4"
[3332.0] DONE
