[549.0] after add-on canEncodeAudio(aac) true
[548.0] support {"videoNative":{"avc1.42001f (baseline 3.1)":true,"avc1.420028 (baseline 4.0)":true,"avc1.4d0028 (main 4.0)":true,"avc1.640028 (high 4.0)":true,"avc1.640032 (high 5.0)":true},"audioNativeAac":true,"mbCanEncodeVideoAvc":true,"mbCanEncodeAudioAacBeforeAddon":true,"hasSchedulerYield":false}
[549.0] registered AAC add-on {"ms":0}
[607.0] measured priming {"samples":1024,"ms":57}
[618.0] audio encoder config {"codec":"mp4a.40.2","numberOfChannels":2,"sampleRate":48000,"bitrate":128000,"aac":{"format":"aac"}}
[617.0] audio rendered {"sampleRate":48000,"length":480000,"ch":2}
[619.0] native isConfigSupported(actual audio config) true
[1263.0] audio added {"ms":646}
[1269.0] video encoder config {"codec":"avc1.640020","width":1080,"height":1080,"displayWidth":1080,"displayHeight":1080,"bitrate":8000000,"bitrateMode":"variable","alpha":"discard","framerate":30,"latencyMode":"realtime","avc":{"format":"avc"}}
[1270.0] isConfigSupported(actual video config) true
[1270.0] frame 0
[1402.0] frame 30
[1526.0] frame 60
[1653.0] frame 90
[1883.0] frame 120
[2153.0] frame 150
[2424.0] frame 180
[2692.0] frame 210
[2964.0] frame 240
[3242.0] frame 270
[3605.0] finalized {"finalizeMs":98}
[3606.0] result {"wallMs":2999,"totalMsInclProbe":3065,"framesDone":300,"maxTaskGapMs":24,"heartbeats":375,"rafPaints":180,"firstError":null,"supportedButFailed":false,"bytes":382267}
[3609.0] saved "safari-rt-addon-calib-1.mp4"
[3612.0] DONE
