[680.0] support {"videoNative":{"avc1.42001f (baseline 3.1)":true,"avc1.420028 (baseline 4.0)":true,"avc1.4d0028 (main 4.0)":true,"avc1.640028 (high 4.0)":true,"avc1.640032 (high 5.0)":true},"audioNativeAac":true,"mbCanEncodeVideoAvc":true,"mbCanEncodeAudioAacBeforeAddon":true,"hasSchedulerYield":false}
[696.0] audio rendered {"sampleRate":48000,"length":480000,"ch":2}
[698.0] audio encoder config {"codec":"mp4a.40.2","numberOfChannels":2,"sampleRate":48000,"bitrate":128000,"aac":{"format":"aac"}}
[699.0] native isConfigSupported(actual audio config) true
[704.0] audio added {"ms":7}
[714.0] video encoder config {"codec":"avc1.640020","width":1080,"height":1080,"displayWidth":1080,"displayHeight":1080,"bitrate":8000000,"bitrateMode":"variable","alpha":"discard","framerate":30,"latencyMode":"realtime","avc":{"format":"avc"}}
[714.0] canvas VideoFrame colorSpace {"primaries":null,"transfer":null,"matrix":null,"fullRange":null}
[720.0] frame 0
[720.0] isConfigSupported(actual video config) true
[776.0] video decoderConfig from encoder {"codec":"avc1.640020","colorSpace":{"fullRange":true,"matrix":"bt709","primaries":"bt709","transfer":"iec61966-2-1"}}
[976.0] frame 30
[1245.0] frame 60
[1520.0] frame 90
[1794.0] frame 120
[2067.0] frame 150
[2724.0] frame 180
[3299.0] frame 210
[3876.0] frame 240
[4864.0] frame 270
[7194.0] finalized {"finalizeMs":779}
[7196.0] result {"wallMs":6513,"totalMsInclProbe":6533,"framesDone":300,"maxTaskGapMs":19,"heartbeats":10,"rafPaints":0,"firstError":null,"supportedButFailed":false,"bytes":294876}
[7218.0] saved "safari-rt-auto-3.mp4"
[7429.0] DONE
