[620.0] support {"videoNative":{"avc1.42001f (baseline 3.1)":true,"avc1.420028 (baseline 4.0)":true,"avc1.4d0028 (main 4.0)":true,"avc1.640028 (high 4.0)":true,"avc1.640032 (high 5.0)":true},"audioNativeAac":true,"mbCanEncodeVideoAvc":true,"mbCanEncodeAudioAacBeforeAddon":true,"hasSchedulerYield":false}
[644.0] audio rendered {"sampleRate":48000,"length":480000,"ch":2}
[646.0] audio encoder config {"codec":"mp4a.40.2","numberOfChannels":2,"sampleRate":48000,"bitrate":128000,"aac":{"format":"aac"}}
[646.0] native isConfigSupported(actual audio config) true
[657.0] audio added {"ms":13}
[669.0] isConfigSupported(actual video config) true
[668.0] video encoder config {"codec":"avc1.640020","width":1080,"height":1080,"displayWidth":1080,"displayHeight":1080,"bitrate":8000000,"bitrateMode":"variable","alpha":"discard","framerate":30,"latencyMode":"realtime","avc":{"format":"avc"}}
[672.0] frame 0
[826.0] frame 30
[953.0] frame 60
[1081.0] frame 90
[1310.0] frame 120
[1580.0] frame 150
[1856.0] frame 180
[2131.0] frame 210
[2402.0] frame 240
[2680.0] frame 270
[3041.0] finalized {"finalizeMs":95}
[3042.0] result {"wallMs":2420,"totalMsInclProbe":2434,"framesDone":300,"maxTaskGapMs":35,"heartbeats":297,"rafPaints":145,"firstError":null,"supportedButFailed":false,"bytes":294876}
[3051.0] saved "safari-rt-auto-1.mp4"
[3058.0] DONE
