[491.0] support {"videoNative":{"avc1.42001f (baseline 3.1)":true,"avc1.420028 (baseline 4.0)":true,"avc1.4d0028 (main 4.0)":true,"avc1.640028 (high 4.0)":true,"avc1.640032 (high 5.0)":true},"audioNativeAac":true,"mbCanEncodeVideoAvc":true,"mbCanEncodeAudioAacBeforeAddon":true,"hasSchedulerYield":false}
[491.0] registered AAC add-on {"ms":0}
[491.0] after add-on canEncodeAudio(aac) true
[503.0] audio rendered {"sampleRate":48000,"length":480000,"ch":2}
[504.0] audio encoder config {"codec":"mp4a.40.2","numberOfChannels":2,"sampleRate":48000,"bitrate":128000,"aac":{"format":"aac"}}
[517.0] native isConfigSupported(actual audio config) true
[1164.0] audio added {"ms":661}
[1172.0] frame 0
[1171.0] video encoder config {"codec":"avc1.640020","width":1080,"height":1080,"displayWidth":1080,"displayHeight":1080,"bitrate":8000000,"bitrateMode":"variable","alpha":"discard","framerate":30,"latencyMode":"realtime","avc":{"format":"avc"}}
[1171.0] isConfigSupported(actual video config) true
[1301.0] frame 30
[1426.0] frame 60
[1552.0] frame 90
[1778.0] frame 120
[2044.0] frame 150
[2318.0] frame 180
[2586.0] frame 210
[2859.0] frame 240
[3122.0] frame 270
[3481.0] finalized {"finalizeMs":95}
[3482.0] result {"wallMs":2989,"totalMsInclProbe":2998,"framesDone":300,"maxTaskGapMs":16,"heartbeats":372,"rafPaints":180,"firstError":null,"supportedButFailed":false,"bytes":382640}
[3491.0] saved "safari-rt-addon-1.mp4"
[3495.0] DONE
