[639.0] support {"videoNative":{"avc1.42001f (baseline 3.1)":true,"avc1.420028 (baseline 4.0)":true,"avc1.4d0028 (main 4.0)":true,"avc1.640028 (high 4.0)":true,"avc1.640032 (high 5.0)":true},"audioNativeAac":true,"mbCanEncodeVideoAvc":true,"mbCanEncodeAudioAacBeforeAddon":true,"hasSchedulerYield":false}
[672.0] measured priming {"samples":2112,"ms":31}
[683.0] audio rendered {"sampleRate":48000,"length":480000,"ch":2}
[684.0] native isConfigSupported(actual audio config) true
[684.0] audio encoder config {"codec":"mp4a.40.2","numberOfChannels":2,"sampleRate":48000,"bitrate":128000,"aac":{"format":"aac"}}
[686.0] audio added {"ms":3}
[693.0] video encoder config {"codec":"avc1.640020","width":1080,"height":1080,"displayWidth":1080,"displayHeight":1080,"bitrate":8000000,"bitrateMode":"variable","alpha":"discard","framerate":30,"latencyMode":"realtime","avc":{"format":"avc"}}
[696.0] frame 0
[695.0] isConfigSupported(actual video config) true
[829.0] frame 30
[956.0] frame 60
[1084.0] frame 90
[1314.0] frame 120
[1577.0] frame 150
[1843.0] frame 180
[2121.0] frame 210
[2404.0] frame 240
[2677.0] frame 270
[3049.0] finalized {"finalizeMs":103}
[3049.0] result {"wallMs":2376,"totalMsInclProbe":2418,"framesDone":300,"maxTaskGapMs":19,"heartbeats":296,"rafPaints":142,"firstError":null,"supportedButFailed":false,"bytes":295488}
[3054.0] saved "safari-rt-calib-1.mp4"
[3058.0] DONE
