// Vitest Snapshot v1, https://vitest.dev/guide/snapshot.html

exports[`the sponsor mutation surface is pinned (#731 F10) > sponsor 1`] = `
[
  "contractTemplates.create",
  "contractTemplates.delete",
  "contractTemplates.generatePdf",
  "contractTemplates.previewPdf",
  "contractTemplates.update",
  "contractTemplates.updateConferenceOrgInfo",
  "create",
  "crm.activities.create",
  "crm.activities.delete",
  "crm.activities.update",
  "crm.broadcastEmail",
  "crm.bulkDelete",
  "crm.bulkUpdate",
  "crm.checkSignatureStatus",
  "crm.copyFromPreviousYear",
  "crm.create",
  "crm.delete",
  "crm.importAllHistoric",
  "crm.moveStage",
  "crm.sendContract",
  "crm.sendDiscountEmail",
  "crm.sendEmail",
  "crm.sendEmailBySfc",
  "crm.syncAudience",
  "crm.update",
  "crm.updateContractStatus",
  "crm.updateInvoiceStatus",
  "crm.updateSignatureStatus",
  "delete",
  "emailTemplates.create",
  "emailTemplates.delete",
  "emailTemplates.reorder",
  "emailTemplates.setDefault",
  "emailTemplates.update",
  "tiers.create",
  "tiers.delete",
  "tiers.update",
  "update",
]
`;
